2026-08-02 09:48:42 startup archives unpack
2026-08-02 09:48:42 upgrade libtalloc2:amd64 2:2.4.3+samba4.23.6+dfsg-1ubuntu2.1 2:2.4.3+samba4.23.6+dfsg-1ubuntu2.2
2026-08-02 09:48:42 status triggers-pending libc-bin:amd64 2.43-2ubuntu2
2026-08-02 09:48:42 status half-configured libtalloc2:amd64 2:2.4.3+samba4.23.6+dfsg-1ubuntu2.1
2026-08-02 09:48:42 status unpacked libtalloc2:amd64 2:2.4.3+samba4.23.6+dfsg-1ubuntu2.1
2026-08-02 09:48:42 status half-installed libtalloc2:amd64 2:2.4.3+samba4.23.6+dfsg-1ubuntu2.1
2026-08-02 09:48:42 status unpacked libtalloc2:amd64 2:2.4.3+samba4.23.6+dfsg-1ubuntu2.2
2026-08-02 09:48:42 upgrade libtevent0t64:amd64 2:0.17.1+samba4.23.6+dfsg-1ubuntu2.1 2:0.17.1+samba4.23.6+dfsg-1ubuntu2.2
2026-08-02 09:48:42 status half-configured libtevent0t64:amd64 2:0.17.1+samba4.23.6+dfsg-1ubuntu2.1
2026-08-02 09:48:42 status unpacked libtevent0t64:amd64 2:0.17.1+samba4.23.6+dfsg-1ubuntu2.1
2026-08-02 09:48:42 status half-installed libtevent0t64:amd64 2:0.17.1+samba4.23.6+dfsg-1ubuntu2.1
2026-08-02 09:48:42 status unpacked libtevent0t64:amd64 2:0.17.1+samba4.23.6+dfsg-1ubuntu2.2
2026-08-02 09:48:42 upgrade libsmbclient0:amd64 2:4.23.6+dfsg-1ubuntu2.1 2:4.23.6+dfsg-1ubuntu2.2
2026-08-02 09:48:42 status half-configured libsmbclient0:amd64 2:4.23.6+dfsg-1ubuntu2.1
2026-08-02 09:48:42 status unpacked libsmbclient0:amd64 2:4.23.6+dfsg-1ubuntu2.1
2026-08-02 09:48:42 status half-installed libsmbclient0:amd64 2:4.23.6+dfsg-1ubuntu2.1
2026-08-02 09:48:42 status triggers-pending man-db:amd64 2.13.1-1build1
2026-08-02 09:48:42 status unpacked libsmbclient0:amd64 2:4.23.6+dfsg-1ubuntu2.2
2026-08-02 09:48:42 upgrade samba-common:all 2:4.23.6+dfsg-1ubuntu2.1 2:4.23.6+dfsg-1ubuntu2.2
2026-08-02 09:48:42 status half-configured samba-common:all 2:4.23.6+dfsg-1ubuntu2.1
2026-08-02 09:48:42 status unpacked samba-common:all 2:4.23.6+dfsg-1ubuntu2.1
2026-08-02 09:48:42 status half-installed samba-common:all 2:4.23.6+dfsg-1ubuntu2.1
2026-08-02 09:48:42 status unpacked samba-common:all 2:4.23.6+dfsg-1ubuntu2.2
2026-08-02 09:48:42 upgrade libtdb1:amd64 2:1.4.14+samba4.23.6+dfsg-1ubuntu2.1 2:1.4.14+samba4.23.6+dfsg-1ubuntu2.2
2026-08-02 09:48:42 status half-configured libtdb1:amd64 2:1.4.14+samba4.23.6+dfsg-1ubuntu2.1
2026-08-02 09:48:42 status unpacked libtdb1:amd64 2:1.4.14+samba4.23.6+dfsg-1ubuntu2.1
2026-08-02 09:48:42 status half-installed libtdb1:amd64 2:1.4.14+samba4.23.6+dfsg-1ubuntu2.1
2026-08-02 09:48:42 status unpacked libtdb1:amd64 2:1.4.14+samba4.23.6+dfsg-1ubuntu2.2
2026-08-02 09:48:42 upgrade libwbclient0:amd64 2:4.23.6+dfsg-1ubuntu2.1 2:4.23.6+dfsg-1ubuntu2.2
2026-08-02 09:48:42 status half-configured libwbclient0:amd64 2:4.23.6+dfsg-1ubuntu2.1
2026-08-02 09:48:42 status unpacked libwbclient0:amd64 2:4.23.6+dfsg-1ubuntu2.1
2026-08-02 09:48:42 status half-installed libwbclient0:amd64 2:4.23.6+dfsg-1ubuntu2.1
2026-08-02 09:48:42 status unpacked libwbclient0:amd64 2:4.23.6+dfsg-1ubuntu2.2
2026-08-02 09:48:43 upgrade python3-samba:amd64 2:4.23.6+dfsg-1ubuntu2.1 2:4.23.6+dfsg-1ubuntu2.2
2026-08-02 09:48:43 status half-configured python3-samba:amd64 2:4.23.6+dfsg-1ubuntu2.1
2026-08-02 09:48:43 status unpacked python3-samba:amd64 2:4.23.6+dfsg-1ubuntu2.1
2026-08-02 09:48:43 status half-installed python3-samba:amd64 2:4.23.6+dfsg-1ubuntu2.1
2026-08-02 09:48:43 status unpacked python3-samba:amd64 2:4.23.6+dfsg-1ubuntu2.2
2026-08-02 09:48:43 upgrade samba-common-bin:amd64 2:4.23.6+dfsg-1ubuntu2.1 2:4.23.6+dfsg-1ubuntu2.2
2026-08-02 09:48:43 status half-configured samba-common-bin:amd64 2:4.23.6+dfsg-1ubuntu2.1
2026-08-02 09:48:43 status unpacked samba-common-bin:amd64 2:4.23.6+dfsg-1ubuntu2.1
2026-08-02 09:48:43 status half-installed samba-common-bin:amd64 2:4.23.6+dfsg-1ubuntu2.1
2026-08-02 09:48:43 status unpacked samba-common-bin:amd64 2:4.23.6+dfsg-1ubuntu2.2
2026-08-02 09:48:43 upgrade python3-ldb:amd64 2:2.11.0+samba4.23.6+dfsg-1ubuntu2.1 2:2.11.0+samba4.23.6+dfsg-1ubuntu2.2
2026-08-02 09:48:43 status half-configured python3-ldb:amd64 2:2.11.0+samba4.23.6+dfsg-1ubuntu2.1
2026-08-02 09:48:43 status unpacked python3-ldb:amd64 2:2.11.0+samba4.23.6+dfsg-1ubuntu2.1
2026-08-02 09:48:43 status half-installed python3-ldb:amd64 2:2.11.0+samba4.23.6+dfsg-1ubuntu2.1
2026-08-02 09:48:43 status unpacked python3-ldb:amd64 2:2.11.0+samba4.23.6+dfsg-1ubuntu2.2
2026-08-02 09:48:43 upgrade libldb2:amd64 2:2.11.0+samba4.23.6+dfsg-1ubuntu2.1 2:2.11.0+samba4.23.6+dfsg-1ubuntu2.2
2026-08-02 09:48:43 status half-configured libldb2:amd64 2:2.11.0+samba4.23.6+dfsg-1ubuntu2.1
2026-08-02 09:48:43 status unpacked libldb2:amd64 2:2.11.0+samba4.23.6+dfsg-1ubuntu2.1
2026-08-02 09:48:43 status half-installed libldb2:amd64 2:2.11.0+samba4.23.6+dfsg-1ubuntu2.1
2026-08-02 09:48:43 status unpacked libldb2:amd64 2:2.11.0+samba4.23.6+dfsg-1ubuntu2.2
2026-08-02 09:48:43 upgrade samba-libs:amd64 2:4.23.6+dfsg-1ubuntu2.1 2:4.23.6+dfsg-1ubuntu2.2
2026-08-02 09:48:43 status half-configured samba-libs:amd64 2:4.23.6+dfsg-1ubuntu2.1
2026-08-02 09:48:43 status unpacked samba-libs:amd64 2:4.23.6+dfsg-1ubuntu2.1
2026-08-02 09:48:43 status half-installed samba-libs:amd64 2:4.23.6+dfsg-1ubuntu2.1
2026-08-02 09:48:44 status unpacked samba-libs:amd64 2:4.23.6+dfsg-1ubuntu2.2
2026-08-02 09:48:44 upgrade python3-tdb:amd64 2:1.4.14+samba4.23.6+dfsg-1ubuntu2.1 2:1.4.14+samba4.23.6+dfsg-1ubuntu2.2
2026-08-02 09:48:44 status half-configured python3-tdb:amd64 2:1.4.14+samba4.23.6+dfsg-1ubuntu2.1
2026-08-02 09:48:44 status unpacked python3-tdb:amd64 2:1.4.14+samba4.23.6+dfsg-1ubuntu2.1
2026-08-02 09:48:44 status half-installed python3-tdb:amd64 2:1.4.14+samba4.23.6+dfsg-1ubuntu2.1
2026-08-02 09:48:44 status unpacked python3-tdb:amd64 2:1.4.14+samba4.23.6+dfsg-1ubuntu2.2
2026-08-02 09:48:44 upgrade python3-talloc:amd64 2:2.4.3+samba4.23.6+dfsg-1ubuntu2.1 2:2.4.3+samba4.23.6+dfsg-1ubuntu2.2
2026-08-02 09:48:44 status half-configured python3-talloc:amd64 2:2.4.3+samba4.23.6+dfsg-1ubuntu2.1
2026-08-02 09:48:44 status unpacked python3-talloc:amd64 2:2.4.3+samba4.23.6+dfsg-1ubuntu2.1
2026-08-02 09:48:44 status half-installed python3-talloc:amd64 2:2.4.3+samba4.23.6+dfsg-1ubuntu2.1
2026-08-02 09:48:44 status unpacked python3-talloc:amd64 2:2.4.3+samba4.23.6+dfsg-1ubuntu2.2
2026-08-02 09:48:44 upgrade tdb-tools:amd64 2:1.4.14+samba4.23.6+dfsg-1ubuntu2.1 2:1.4.14+samba4.23.6+dfsg-1ubuntu2.2
2026-08-02 09:48:44 status half-configured tdb-tools:amd64 2:1.4.14+samba4.23.6+dfsg-1ubuntu2.1
2026-08-02 09:48:44 status unpacked tdb-tools:amd64 2:1.4.14+samba4.23.6+dfsg-1ubuntu2.1
2026-08-02 09:48:44 status half-installed tdb-tools:amd64 2:1.4.14+samba4.23.6+dfsg-1ubuntu2.1
2026-08-02 09:48:44 status unpacked tdb-tools:amd64 2:1.4.14+samba4.23.6+dfsg-1ubuntu2.2
2026-08-02 09:48:44 startup packages configure
2026-08-02 09:48:44 configure libtdb1:amd64 2:1.4.14+samba4.23.6+dfsg-1ubuntu2.2 <none>
2026-08-02 09:48:44 status unpacked libtdb1:amd64 2:1.4.14+samba4.23.6+dfsg-1ubuntu2.2
2026-08-02 09:48:44 status half-configured libtdb1:amd64 2:1.4.14+samba4.23.6+dfsg-1ubuntu2.2
2026-08-02 09:48:44 status installed libtdb1:amd64 2:1.4.14+samba4.23.6+dfsg-1ubuntu2.2
2026-08-02 09:48:44 configure samba-common:all 2:4.23.6+dfsg-1ubuntu2.2 <none>
2026-08-02 09:48:44 status unpacked samba-common:all 2:4.23.6+dfsg-1ubuntu2.2
2026-08-02 09:48:44 status half-configured samba-common:all 2:4.23.6+dfsg-1ubuntu2.2
2026-08-02 09:48:45 status installed samba-common:all 2:4.23.6+dfsg-1ubuntu2.2
2026-08-02 09:48:45 configure libwbclient0:amd64 2:4.23.6+dfsg-1ubuntu2.2 <none>
2026-08-02 09:48:45 status unpacked libwbclient0:amd64 2:4.23.6+dfsg-1ubuntu2.2
2026-08-02 09:48:45 status half-configured libwbclient0:amd64 2:4.23.6+dfsg-1ubuntu2.2
2026-08-02 09:48:45 status installed libwbclient0:amd64 2:4.23.6+dfsg-1ubuntu2.2
2026-08-02 09:48:45 configure libtalloc2:amd64 2:2.4.3+samba4.23.6+dfsg-1ubuntu2.2 <none>
2026-08-02 09:48:45 status unpacked libtalloc2:amd64 2:2.4.3+samba4.23.6+dfsg-1ubuntu2.2
2026-08-02 09:48:45 status half-configured libtalloc2:amd64 2:2.4.3+samba4.23.6+dfsg-1ubuntu2.2
2026-08-02 09:48:45 status installed libtalloc2:amd64 2:2.4.3+samba4.23.6+dfsg-1ubuntu2.2
2026-08-02 09:48:45 configure python3-tdb:amd64 2:1.4.14+samba4.23.6+dfsg-1ubuntu2.2 <none>
2026-08-02 09:48:45 status unpacked python3-tdb:amd64 2:1.4.14+samba4.23.6+dfsg-1ubuntu2.2
2026-08-02 09:48:45 status half-configured python3-tdb:amd64 2:1.4.14+samba4.23.6+dfsg-1ubuntu2.2
2026-08-02 09:48:45 status installed python3-tdb:amd64 2:1.4.14+samba4.23.6+dfsg-1ubuntu2.2
2026-08-02 09:48:45 configure tdb-tools:amd64 2:1.4.14+samba4.23.6+dfsg-1ubuntu2.2 <none>
2026-08-02 09:48:45 status unpacked tdb-tools:amd64 2:1.4.14+samba4.23.6+dfsg-1ubuntu2.2
2026-08-02 09:48:45 status half-configured tdb-tools:amd64 2:1.4.14+samba4.23.6+dfsg-1ubuntu2.2
2026-08-02 09:48:45 status installed tdb-tools:amd64 2:1.4.14+samba4.23.6+dfsg-1ubuntu2.2
2026-08-02 09:48:45 configure libtevent0t64:amd64 2:0.17.1+samba4.23.6+dfsg-1ubuntu2.2 <none>
2026-08-02 09:48:45 status unpacked libtevent0t64:amd64 2:0.17.1+samba4.23.6+dfsg-1ubuntu2.2
2026-08-02 09:48:45 status half-configured libtevent0t64:amd64 2:0.17.1+samba4.23.6+dfsg-1ubuntu2.2
2026-08-02 09:48:45 status installed libtevent0t64:amd64 2:0.17.1+samba4.23.6+dfsg-1ubuntu2.2
2026-08-02 09:48:45 configure python3-talloc:amd64 2:2.4.3+samba4.23.6+dfsg-1ubuntu2.2 <none>
2026-08-02 09:48:45 status unpacked python3-talloc:amd64 2:2.4.3+samba4.23.6+dfsg-1ubuntu2.2
2026-08-02 09:48:45 status half-configured python3-talloc:amd64 2:2.4.3+samba4.23.6+dfsg-1ubuntu2.2
2026-08-02 09:48:45 status installed python3-talloc:amd64 2:2.4.3+samba4.23.6+dfsg-1ubuntu2.2
2026-08-02 09:48:45 configure libldb2:amd64 2:2.11.0+samba4.23.6+dfsg-1ubuntu2.2 <none>
2026-08-02 09:48:45 status unpacked libldb2:amd64 2:2.11.0+samba4.23.6+dfsg-1ubuntu2.2
2026-08-02 09:48:45 status half-configured libldb2:amd64 2:2.11.0+samba4.23.6+dfsg-1ubuntu2.2
2026-08-02 09:48:45 status installed libldb2:amd64 2:2.11.0+samba4.23.6+dfsg-1ubuntu2.2
2026-08-02 09:48:45 configure samba-libs:amd64 2:4.23.6+dfsg-1ubuntu2.2 <none>
2026-08-02 09:48:45 status unpacked samba-libs:amd64 2:4.23.6+dfsg-1ubuntu2.2
2026-08-02 09:48:45 status half-configured samba-libs:amd64 2:4.23.6+dfsg-1ubuntu2.2
2026-08-02 09:48:45 status installed samba-libs:amd64 2:4.23.6+dfsg-1ubuntu2.2
2026-08-02 09:48:45 configure python3-ldb:amd64 2:2.11.0+samba4.23.6+dfsg-1ubuntu2.2 <none>
2026-08-02 09:48:45 status unpacked python3-ldb:amd64 2:2.11.0+samba4.23.6+dfsg-1ubuntu2.2
2026-08-02 09:48:45 status half-configured python3-ldb:amd64 2:2.11.0+samba4.23.6+dfsg-1ubuntu2.2
2026-08-02 09:48:45 status installed python3-ldb:amd64 2:2.11.0+samba4.23.6+dfsg-1ubuntu2.2
2026-08-02 09:48:45 configure samba-common-bin:amd64 2:4.23.6+dfsg-1ubuntu2.2 <none>
2026-08-02 09:48:45 status unpacked samba-common-bin:amd64 2:4.23.6+dfsg-1ubuntu2.2
2026-08-02 09:48:45 status half-configured samba-common-bin:amd64 2:4.23.6+dfsg-1ubuntu2.2
2026-08-02 09:48:45 status installed samba-common-bin:amd64 2:4.23.6+dfsg-1ubuntu2.2
2026-08-02 09:48:45 configure libsmbclient0:amd64 2:4.23.6+dfsg-1ubuntu2.2 <none>
2026-08-02 09:48:45 status unpacked libsmbclient0:amd64 2:4.23.6+dfsg-1ubuntu2.2
2026-08-02 09:48:45 status half-configured libsmbclient0:amd64 2:4.23.6+dfsg-1ubuntu2.2
2026-08-02 09:48:45 status installed libsmbclient0:amd64 2:4.23.6+dfsg-1ubuntu2.2
2026-08-02 09:48:45 configure python3-samba:amd64 2:4.23.6+dfsg-1ubuntu2.2 <none>
2026-08-02 09:48:45 status unpacked python3-samba:amd64 2:4.23.6+dfsg-1ubuntu2.2
2026-08-02 09:48:45 status half-configured python3-samba:amd64 2:4.23.6+dfsg-1ubuntu2.2
2026-08-02 09:48:46 status installed python3-samba:amd64 2:4.23.6+dfsg-1ubuntu2.2
2026-08-02 09:48:46 trigproc man-db:amd64 2.13.1-1build1 <none>
2026-08-02 09:48:46 status half-configured man-db:amd64 2.13.1-1build1
2026-08-02 09:48:48 status installed man-db:amd64 2.13.1-1build1
2026-08-02 09:48:48 trigproc libc-bin:amd64 2.43-2ubuntu2 <none>
2026-08-02 09:48:48 status half-configured libc-bin:amd64 2.43-2ubuntu2
2026-08-02 09:48:48 status installed libc-bin:amd64 2.43-2ubuntu2
2026-08-02 09:48:54 startup archives unpack
2026-08-02 09:48:54 upgrade libc-dev-bin:amd64 2.43-2ubuntu2 2.43-2ubuntu2.3
2026-08-02 09:48:54 status half-configured libc-dev-bin:amd64 2.43-2ubuntu2
2026-08-02 09:48:54 status unpacked libc-dev-bin:amd64 2.43-2ubuntu2
2026-08-02 09:48:54 status half-installed libc-dev-bin:amd64 2.43-2ubuntu2
2026-08-02 09:48:54 status triggers-pending man-db:amd64 2.13.1-1build1
2026-08-02 09:48:54 status unpacked libc-dev-bin:amd64 2.43-2ubuntu2.3
2026-08-02 09:48:54 upgrade libc6-dev:amd64 2.43-2ubuntu2 2.43-2ubuntu2.3
2026-08-02 09:48:54 status half-configured libc6-dev:amd64 2.43-2ubuntu2
2026-08-02 09:48:54 status unpacked libc6-dev:amd64 2.43-2ubuntu2
2026-08-02 09:48:54 status half-installed libc6-dev:amd64 2.43-2ubuntu2
2026-08-02 09:48:54 status unpacked libc6-dev:amd64 2.43-2ubuntu2.3
2026-08-02 09:48:54 upgrade libc6-dbg:amd64 2.43-2ubuntu2 2.43-2ubuntu2.3
2026-08-02 09:48:54 status half-configured libc6-dbg:amd64 2.43-2ubuntu2
2026-08-02 09:48:54 status unpacked libc6-dbg:amd64 2.43-2ubuntu2
2026-08-02 09:48:54 status half-installed libc6-dbg:amd64 2.43-2ubuntu2
2026-08-02 09:48:54 status unpacked libc6-dbg:amd64 2.43-2ubuntu2.3
2026-08-02 09:48:54 upgrade libc-gconv-modules-extra:amd64 2.43-2ubuntu2 2.43-2ubuntu2.3
2026-08-02 09:48:54 status half-configured libc-gconv-modules-extra:amd64 2.43-2ubuntu2
2026-08-02 09:48:54 status unpacked libc-gconv-modules-extra:amd64 2.43-2ubuntu2
2026-08-02 09:48:54 status half-installed libc-gconv-modules-extra:amd64 2.43-2ubuntu2
2026-08-02 09:48:54 status unpacked libc-gconv-modules-extra:amd64 2.43-2ubuntu2.3
2026-08-02 09:48:54 startup packages configure
2026-08-02 09:48:54 configure libc-gconv-modules-extra:amd64 2.43-2ubuntu2.3 <none>
2026-08-02 09:48:54 status unpacked libc-gconv-modules-extra:amd64 2.43-2ubuntu2.3
2026-08-02 09:48:54 status half-configured libc-gconv-modules-extra:amd64 2.43-2ubuntu2.3
2026-08-02 09:48:54 status installed libc-gconv-modules-extra:amd64 2.43-2ubuntu2.3
2026-08-02 09:48:54 startup archives unpack
2026-08-02 09:48:55 upgrade libc6:amd64 2.43-2ubuntu2 2.43-2ubuntu2.3
2026-08-02 09:48:55 status triggers-pending libc-bin:amd64 2.43-2ubuntu2
2026-08-02 09:48:55 status half-configured libc6:amd64 2.43-2ubuntu2
2026-08-02 09:48:55 status unpacked libc6:amd64 2.43-2ubuntu2
2026-08-02 09:48:55 status half-installed libc6:amd64 2.43-2ubuntu2
2026-08-02 09:48:55 status unpacked libc6:amd64 2.43-2ubuntu2.3
2026-08-02 09:48:55 startup packages configure
2026-08-02 09:48:55 configure libc6:amd64 2.43-2ubuntu2.3 <none>
2026-08-02 09:48:55 status unpacked libc6:amd64 2.43-2ubuntu2.3
2026-08-02 09:48:55 status half-configured libc6:amd64 2.43-2ubuntu2.3
2026-08-02 09:48:55 status installed libc6:amd64 2.43-2ubuntu2.3
2026-08-02 09:48:55 status triggers-pending systemd:amd64 259.5-0ubuntu3
2026-08-02 09:48:55 startup archives unpack
2026-08-02 09:48:55 upgrade libc-bin:amd64 2.43-2ubuntu2 2.43-2ubuntu2.3
2026-08-02 09:48:55 status half-configured libc-bin:amd64 2.43-2ubuntu2
2026-08-02 09:48:55 status unpacked libc-bin:amd64 2.43-2ubuntu2
2026-08-02 09:48:55 status half-installed libc-bin:amd64 2.43-2ubuntu2
2026-08-02 09:48:55 status unpacked libc-bin:amd64 2.43-2ubuntu2.3
2026-08-02 09:48:55 startup packages configure
2026-08-02 09:48:55 configure libc-bin:amd64 2.43-2ubuntu2.3 <none>
2026-08-02 09:48:55 status unpacked libc-bin:amd64 2.43-2ubuntu2.3
2026-08-02 09:48:55 status half-configured libc-bin:amd64 2.43-2ubuntu2.3
2026-08-02 09:48:56 status installed libc-bin:amd64 2.43-2ubuntu2.3
2026-08-02 09:48:56 startup archives unpack
2026-08-02 09:48:56 upgrade locales:all 2.43-2ubuntu2 2.43-2ubuntu2.3
2026-08-02 09:48:56 status half-configured locales:all 2.43-2ubuntu2
2026-08-02 09:48:56 status unpacked locales:all 2.43-2ubuntu2
2026-08-02 09:48:56 status half-installed locales:all 2.43-2ubuntu2
2026-08-02 09:48:56 status unpacked locales:all 2.43-2ubuntu2.3
2026-08-02 09:48:56 upgrade libc-devtools:amd64 2.43-2ubuntu2 2.43-2ubuntu2.3
2026-08-02 09:48:56 status half-configured libc-devtools:amd64 2.43-2ubuntu2
2026-08-02 09:48:56 status unpacked libc-devtools:amd64 2.43-2ubuntu2
2026-08-02 09:48:56 status half-installed libc-devtools:amd64 2.43-2ubuntu2
2026-08-02 09:48:56 status unpacked libc-devtools:amd64 2.43-2ubuntu2.3
2026-08-02 09:48:56 startup packages configure
2026-08-02 09:48:56 configure locales:all 2.43-2ubuntu2.3 <none>
2026-08-02 09:48:56 status unpacked locales:all 2.43-2ubuntu2.3
2026-08-02 09:48:56 status half-configured locales:all 2.43-2ubuntu2.3
2026-08-02 09:49:29 status installed locales:all 2.43-2ubuntu2.3
2026-08-02 09:49:29 configure libc6-dbg:amd64 2.43-2ubuntu2.3 <none>
2026-08-02 09:49:29 status unpacked libc6-dbg:amd64 2.43-2ubuntu2.3
2026-08-02 09:49:29 status half-configured libc6-dbg:amd64 2.43-2ubuntu2.3
2026-08-02 09:49:29 status installed libc6-dbg:amd64 2.43-2ubuntu2.3
2026-08-02 09:49:29 configure libc-dev-bin:amd64 2.43-2ubuntu2.3 <none>
2026-08-02 09:49:29 status unpacked libc-dev-bin:amd64 2.43-2ubuntu2.3
2026-08-02 09:49:29 status half-configured libc-dev-bin:amd64 2.43-2ubuntu2.3
2026-08-02 09:49:29 status installed libc-dev-bin:amd64 2.43-2ubuntu2.3
2026-08-02 09:49:29 configure libc-devtools:amd64 2.43-2ubuntu2.3 <none>
2026-08-02 09:49:29 status unpacked libc-devtools:amd64 2.43-2ubuntu2.3
2026-08-02 09:49:29 status half-configured libc-devtools:amd64 2.43-2ubuntu2.3
2026-08-02 09:49:29 status installed libc-devtools:amd64 2.43-2ubuntu2.3
2026-08-02 09:49:29 configure libc6-dev:amd64 2.43-2ubuntu2.3 <none>
2026-08-02 09:49:29 status unpacked libc6-dev:amd64 2.43-2ubuntu2.3
2026-08-02 09:49:29 status half-configured libc6-dev:amd64 2.43-2ubuntu2.3
2026-08-02 09:49:29 status installed libc6-dev:amd64 2.43-2ubuntu2.3
2026-08-02 09:49:29 trigproc man-db:amd64 2.13.1-1build1 <none>
2026-08-02 09:49:29 status half-configured man-db:amd64 2.13.1-1build1
2026-08-02 09:49:30 status installed man-db:amd64 2.13.1-1build1
2026-08-02 09:49:30 trigproc systemd:amd64 259.5-0ubuntu3 <none>
2026-08-02 09:49:30 status half-configured systemd:amd64 259.5-0ubuntu3
2026-08-02 09:49:31 status installed systemd:amd64 259.5-0ubuntu3
2026-08-02 09:49:36 startup archives unpack
2026-08-02 09:49:36 upgrade libfreerdp-client3-3:amd64 3.30.0+dfsg-0ubuntu0.26.04.1 3.30.0+dfsg-0ubuntu0.26.04.2
2026-08-02 09:49:36 status triggers-pending libc-bin:amd64 2.43-2ubuntu2.3
2026-08-02 09:49:36 status half-configured libfreerdp-client3-3:amd64 3.30.0+dfsg-0ubuntu0.26.04.1
2026-08-02 09:49:36 status unpacked libfreerdp-client3-3:amd64 3.30.0+dfsg-0ubuntu0.26.04.1
2026-08-02 09:49:36 status half-installed libfreerdp-client3-3:amd64 3.30.0+dfsg-0ubuntu0.26.04.1
2026-08-02 09:49:36 status triggers-pending hicolor-icon-theme:all 0.18-2build1
2026-08-02 09:49:36 status unpacked libfreerdp-client3-3:amd64 3.30.0+dfsg-0ubuntu0.26.04.2
2026-08-02 09:49:36 upgrade libfreerdp-server3-3:amd64 3.30.0+dfsg-0ubuntu0.26.04.1 3.30.0+dfsg-0ubuntu0.26.04.2
2026-08-02 09:49:36 status half-configured libfreerdp-server3-3:amd64 3.30.0+dfsg-0ubuntu0.26.04.1
2026-08-02 09:49:36 status unpacked libfreerdp-server3-3:amd64 3.30.0+dfsg-0ubuntu0.26.04.1
2026-08-02 09:49:36 status half-installed libfreerdp-server3-3:amd64 3.30.0+dfsg-0ubuntu0.26.04.1
2026-08-02 09:49:36 status unpacked libfreerdp-server3-3:amd64 3.30.0+dfsg-0ubuntu0.26.04.2
2026-08-02 09:49:37 upgrade libfreerdp3-3:amd64 3.30.0+dfsg-0ubuntu0.26.04.1 3.30.0+dfsg-0ubuntu0.26.04.2
2026-08-02 09:49:37 status half-configured libfreerdp3-3:amd64 3.30.0+dfsg-0ubuntu0.26.04.1
2026-08-02 09:49:37 status unpacked libfreerdp3-3:amd64 3.30.0+dfsg-0ubuntu0.26.04.1
2026-08-02 09:49:37 status half-installed libfreerdp3-3:amd64 3.30.0+dfsg-0ubuntu0.26.04.1
2026-08-02 09:49:37 status unpacked libfreerdp3-3:amd64 3.30.0+dfsg-0ubuntu0.26.04.2
2026-08-02 09:49:37 upgrade libwinpr3-3:amd64 3.30.0+dfsg-0ubuntu0.26.04.1 3.30.0+dfsg-0ubuntu0.26.04.2
2026-08-02 09:49:37 status half-configured libwinpr3-3:amd64 3.30.0+dfsg-0ubuntu0.26.04.1
2026-08-02 09:49:37 status unpacked libwinpr3-3:amd64 3.30.0+dfsg-0ubuntu0.26.04.1
2026-08-02 09:49:37 status half-installed libwinpr3-3:amd64 3.30.0+dfsg-0ubuntu0.26.04.1
2026-08-02 09:49:37 status triggers-pending man-db:amd64 2.13.1-1build1
2026-08-02 09:49:37 status unpacked libwinpr3-3:amd64 3.30.0+dfsg-0ubuntu0.26.04.2
2026-08-02 09:49:37 startup packages configure
2026-08-02 09:49:37 configure libwinpr3-3:amd64 3.30.0+dfsg-0ubuntu0.26.04.2 <none>
2026-08-02 09:49:37 status unpacked libwinpr3-3:amd64 3.30.0+dfsg-0ubuntu0.26.04.2
2026-08-02 09:49:37 status half-configured libwinpr3-3:amd64 3.30.0+dfsg-0ubuntu0.26.04.2
2026-08-02 09:49:37 status installed libwinpr3-3:amd64 3.30.0+dfsg-0ubuntu0.26.04.2
2026-08-02 09:49:37 configure libfreerdp3-3:amd64 3.30.0+dfsg-0ubuntu0.26.04.2 <none>
2026-08-02 09:49:37 status unpacked libfreerdp3-3:amd64 3.30.0+dfsg-0ubuntu0.26.04.2
2026-08-02 09:49:37 status half-configured libfreerdp3-3:amd64 3.30.0+dfsg-0ubuntu0.26.04.2
2026-08-02 09:49:37 status installed libfreerdp3-3:amd64 3.30.0+dfsg-0ubuntu0.26.04.2
2026-08-02 09:49:37 configure libfreerdp-server3-3:amd64 3.30.0+dfsg-0ubuntu0.26.04.2 <none>
2026-08-02 09:49:37 status unpacked libfreerdp-server3-3:amd64 3.30.0+dfsg-0ubuntu0.26.04.2
2026-08-02 09:49:37 status half-configured libfreerdp-server3-3:amd64 3.30.0+dfsg-0ubuntu0.26.04.2
2026-08-02 09:49:37 status installed libfreerdp-server3-3:amd64 3.30.0+dfsg-0ubuntu0.26.04.2
2026-08-02 09:49:37 configure libfreerdp-client3-3:amd64 3.30.0+dfsg-0ubuntu0.26.04.2 <none>
2026-08-02 09:49:37 status unpacked libfreerdp-client3-3:amd64 3.30.0+dfsg-0ubuntu0.26.04.2
2026-08-02 09:49:37 status half-configured libfreerdp-client3-3:amd64 3.30.0+dfsg-0ubuntu0.26.04.2
2026-08-02 09:49:37 status installed libfreerdp-client3-3:amd64 3.30.0+dfsg-0ubuntu0.26.04.2
2026-08-02 09:49:37 trigproc libc-bin:amd64 2.43-2ubuntu2.3 <none>
2026-08-02 09:49:37 status half-configured libc-bin:amd64 2.43-2ubuntu2.3
2026-08-02 09:49:37 status installed libc-bin:amd64 2.43-2ubuntu2.3
2026-08-02 09:49:37 trigproc man-db:amd64 2.13.1-1build1 <none>
2026-08-02 09:49:37 status half-configured man-db:amd64 2.13.1-1build1
2026-08-02 09:49:37 status installed man-db:amd64 2.13.1-1build1
2026-08-02 09:49:37 trigproc hicolor-icon-theme:all 0.18-2build1 <none>
2026-08-02 09:49:37 status half-configured hicolor-icon-theme:all 0.18-2build1
2026-08-02 09:49:37 status installed hicolor-icon-theme:all 0.18-2build1
2026-08-02 09:49:43 startup archives unpack
2026-08-02 09:49:43 upgrade libroc0.4:amd64 0.4.0+dfsg-5ubuntu3 0.4.0+dfsg-5ubuntu3.1
2026-08-02 09:49:43 status triggers-pending libc-bin:amd64 2.43-2ubuntu2.3
2026-08-02 09:49:43 status half-configured libroc0.4:amd64 0.4.0+dfsg-5ubuntu3
2026-08-02 09:49:43 status unpacked libroc0.4:amd64 0.4.0+dfsg-5ubuntu3
2026-08-02 09:49:43 status half-installed libroc0.4:amd64 0.4.0+dfsg-5ubuntu3
2026-08-02 09:49:43 status unpacked libroc0.4:amd64 0.4.0+dfsg-5ubuntu3.1
2026-08-02 09:49:43 startup packages configure
2026-08-02 09:49:43 configure libroc0.4:amd64 0.4.0+dfsg-5ubuntu3.1 <none>
2026-08-02 09:49:43 status unpacked libroc0.4:amd64 0.4.0+dfsg-5ubuntu3.1
2026-08-02 09:49:43 status half-configured libroc0.4:amd64 0.4.0+dfsg-5ubuntu3.1
2026-08-02 09:49:43 status installed libroc0.4:amd64 0.4.0+dfsg-5ubuntu3.1
2026-08-02 09:49:43 trigproc libc-bin:amd64 2.43-2ubuntu2.3 <none>
2026-08-02 09:49:43 status half-configured libc-bin:amd64 2.43-2ubuntu2.3
2026-08-02 09:49:43 status installed libc-bin:amd64 2.43-2ubuntu2.3
2026-08-02 09:49:49 startup archives unpack
2026-08-02 09:49:49 upgrade tzdata:all 2026b-0ubuntu0.26.04.1 2026c-0ubuntu0.26.04.1
2026-08-02 09:49:49 status half-configured tzdata:all 2026b-0ubuntu0.26.04.1
2026-08-02 09:49:49 status unpacked tzdata:all 2026b-0ubuntu0.26.04.1
2026-08-02 09:49:49 status half-installed tzdata:all 2026b-0ubuntu0.26.04.1
2026-08-02 09:49:49 status unpacked tzdata:all 2026c-0ubuntu0.26.04.1
2026-08-02 09:49:49 startup packages configure
2026-08-02 09:49:49 configure tzdata:all 2026c-0ubuntu0.26.04.1 <none>
2026-08-02 09:49:49 status unpacked tzdata:all 2026c-0ubuntu0.26.04.1
2026-08-02 09:49:49 status half-configured tzdata:all 2026c-0ubuntu0.26.04.1
2026-08-02 09:49:49 status installed tzdata:all 2026c-0ubuntu0.26.04.1
2026-08-02 09:49:55 startup archives unpack
2026-08-02 09:49:55 upgrade openssl-provider-legacy:amd64 3.5.5-1ubuntu3.2 3.5.5-1ubuntu3.3
2026-08-02 09:49:55 status half-configured openssl-provider-legacy:amd64 3.5.5-1ubuntu3.2
2026-08-02 09:49:55 status unpacked openssl-provider-legacy:amd64 3.5.5-1ubuntu3.2
2026-08-02 09:49:55 status half-installed openssl-provider-legacy:amd64 3.5.5-1ubuntu3.2
2026-08-02 09:49:55 status unpacked openssl-provider-legacy:amd64 3.5.5-1ubuntu3.3
2026-08-02 09:49:55 startup packages configure
2026-08-02 09:49:55 configure openssl-provider-legacy:amd64 3.5.5-1ubuntu3.3 <none>
2026-08-02 09:49:55 status unpacked openssl-provider-legacy:amd64 3.5.5-1ubuntu3.3
2026-08-02 09:49:55 status half-configured openssl-provider-legacy:amd64 3.5.5-1ubuntu3.3
2026-08-02 09:49:55 status installed openssl-provider-legacy:amd64 3.5.5-1ubuntu3.3
2026-08-02 09:49:55 startup archives unpack
2026-08-02 09:49:55 upgrade libssl3t64:amd64 3.5.5-1ubuntu3.2 3.5.5-1ubuntu3.3
2026-08-02 09:49:55 status triggers-pending libc-bin:amd64 2.43-2ubuntu2.3
2026-08-02 09:49:55 status half-configured libssl3t64:amd64 3.5.5-1ubuntu3.2
2026-08-02 09:49:55 status unpacked libssl3t64:amd64 3.5.5-1ubuntu3.2
2026-08-02 09:49:55 status half-installed libssl3t64:amd64 3.5.5-1ubuntu3.2
2026-08-02 09:49:55 status unpacked libssl3t64:amd64 3.5.5-1ubuntu3.3
2026-08-02 09:49:55 startup packages configure
2026-08-02 09:49:55 configure libssl3t64:amd64 3.5.5-1ubuntu3.3 <none>
2026-08-02 09:49:55 status unpacked libssl3t64:amd64 3.5.5-1ubuntu3.3
2026-08-02 09:49:55 status half-configured libssl3t64:amd64 3.5.5-1ubuntu3.3
2026-08-02 09:49:55 status installed libssl3t64:amd64 3.5.5-1ubuntu3.3
2026-08-02 09:49:55 startup archives unpack
2026-08-02 09:49:55 upgrade openssl:amd64 3.5.5-1ubuntu3.2 3.5.5-1ubuntu3.3
2026-08-02 09:49:55 status half-configured openssl:amd64 3.5.5-1ubuntu3.2
2026-08-02 09:49:55 status unpacked openssl:amd64 3.5.5-1ubuntu3.2
2026-08-02 09:49:55 status half-installed openssl:amd64 3.5.5-1ubuntu3.2
2026-08-02 09:49:55 status triggers-pending man-db:amd64 2.13.1-1build1
2026-08-02 09:49:56 status unpacked openssl:amd64 3.5.5-1ubuntu3.3
2026-08-02 09:49:56 startup packages configure
2026-08-02 09:49:56 configure openssl:amd64 3.5.5-1ubuntu3.3 <none>
2026-08-02 09:49:56 status unpacked openssl:amd64 3.5.5-1ubuntu3.3
2026-08-02 09:49:56 status half-configured openssl:amd64 3.5.5-1ubuntu3.3
2026-08-02 09:49:56 status installed openssl:amd64 3.5.5-1ubuntu3.3
2026-08-02 09:49:56 trigproc man-db:amd64 2.13.1-1build1 <none>
2026-08-02 09:49:56 status half-configured man-db:amd64 2.13.1-1build1
2026-08-02 09:49:57 status installed man-db:amd64 2.13.1-1build1
2026-08-02 09:49:57 trigproc libc-bin:amd64 2.43-2ubuntu2.3 <none>
2026-08-02 09:49:57 status half-configured libc-bin:amd64 2.43-2ubuntu2.3
2026-08-02 09:49:57 status installed libc-bin:amd64 2.43-2ubuntu2.3
2026-08-02 09:50:03 startup archives unpack
2026-08-02 09:50:03 upgrade distro-info-data:all 0.68ubuntu0.1 0.72-0ubuntu0.26.04.1
2026-08-02 09:50:03 status half-configured distro-info-data:all 0.68ubuntu0.1
2026-08-02 09:50:03 status unpacked distro-info-data:all 0.68ubuntu0.1
2026-08-02 09:50:03 status half-installed distro-info-data:all 0.68ubuntu0.1
2026-08-02 09:50:03 status unpacked distro-info-data:all 0.72-0ubuntu0.26.04.1
2026-08-02 09:50:03 startup packages configure
2026-08-02 09:50:03 configure distro-info-data:all 0.72-0ubuntu0.26.04.1 <none>
2026-08-02 09:50:03 status unpacked distro-info-data:all 0.72-0ubuntu0.26.04.1
2026-08-02 09:50:03 status half-configured distro-info-data:all 0.72-0ubuntu0.26.04.1
2026-08-02 09:50:03 status installed distro-info-data:all 0.72-0ubuntu0.26.04.1
2026-08-02 22:16:17 startup archives unpack
2026-08-02 22:16:18 install nginx-common:all <none> 1.28.3-2ubuntu1.8
2026-08-02 22:16:18 status half-installed nginx-common:all 1.28.3-2ubuntu1.8
2026-08-02 22:16:18 status triggers-pending ufw:all 0.36.2-9build1
2026-08-02 22:16:18 status unpacked nginx-common:all 1.28.3-2ubuntu1.8
2026-08-02 22:16:18 install nginx:amd64 <none> 1.28.3-2ubuntu1.8
2026-08-02 22:16:18 status half-installed nginx:amd64 1.28.3-2ubuntu1.8
2026-08-02 22:16:18 status triggers-pending man-db:amd64 2.13.1-1build1
2026-08-02 22:16:18 status unpacked nginx:amd64 1.28.3-2ubuntu1.8
2026-08-02 22:16:19 startup packages configure
2026-08-02 22:16:19 configure nginx-common:all 1.28.3-2ubuntu1.8 <none>
2026-08-02 22:16:19 status unpacked nginx-common:all 1.28.3-2ubuntu1.8
2026-08-02 22:16:19 status half-configured nginx-common:all 1.28.3-2ubuntu1.8
2026-08-02 22:16:21 status installed nginx-common:all 1.28.3-2ubuntu1.8
2026-08-02 22:16:21 configure nginx:amd64 1.28.3-2ubuntu1.8 <none>
2026-08-02 22:16:21 status unpacked nginx:amd64 1.28.3-2ubuntu1.8
2026-08-02 22:16:21 status half-configured nginx:amd64 1.28.3-2ubuntu1.8
2026-08-02 22:16:22 status installed nginx:amd64 1.28.3-2ubuntu1.8
2026-08-02 22:16:22 trigproc man-db:amd64 2.13.1-1build1 <none>
2026-08-02 22:16:22 status half-configured man-db:amd64 2.13.1-1build1
2026-08-02 22:16:23 status installed man-db:amd64 2.13.1-1build1
2026-08-02 22:16:23 trigproc ufw:all 0.36.2-9build1 <none>
2026-08-02 22:16:23 status half-configured ufw:all 0.36.2-9build1
2026-08-02 22:16:24 status installed ufw:all 0.36.2-9build1
2026-08-03 21:13:05 startup packages remove
2026-08-03 21:13:05 status installed htop:amd64 3.4.1-5build2
2026-08-03 21:13:05 remove htop:amd64 3.4.1-5build2 <none>
2026-08-03 21:13:05 status half-configured htop:amd64 3.4.1-5build2
2026-08-03 21:13:05 status half-installed htop:amd64 3.4.1-5build2
2026-08-03 21:13:05 status triggers-pending man-db:amd64 2.13.1-1build1
2026-08-03 21:13:05 status triggers-pending hicolor-icon-theme:all 0.18-2build1
2026-08-03 21:13:05 status triggers-pending mailcap:all 3.75ubuntu1.1
2026-08-03 21:13:05 status triggers-pending desktop-file-utils:amd64 0.28-1build1
2026-08-03 21:13:05 status triggers-pending gnome-menus:amd64 3.38.1-1ubuntu1
2026-08-03 21:13:05 status config-files htop:amd64 3.4.1-5build2
2026-08-03 21:13:05 status not-installed htop:amd64 <none>
2026-08-03 21:13:06 startup packages configure
2026-08-03 21:13:06 trigproc hicolor-icon-theme:all 0.18-2build1 <none>
2026-08-03 21:13:06 status half-configured hicolor-icon-theme:all 0.18-2build1
2026-08-03 21:13:06 status installed hicolor-icon-theme:all 0.18-2build1
2026-08-03 21:13:06 trigproc gnome-menus:amd64 3.38.1-1ubuntu1 <none>
2026-08-03 21:13:06 status half-configured gnome-menus:amd64 3.38.1-1ubuntu1
2026-08-03 21:13:06 status installed gnome-menus:amd64 3.38.1-1ubuntu1
2026-08-03 21:13:06 trigproc man-db:amd64 2.13.1-1build1 <none>
2026-08-03 21:13:06 status half-configured man-db:amd64 2.13.1-1build1
2026-08-03 21:13:07 status installed man-db:amd64 2.13.1-1build1
2026-08-03 21:13:07 trigproc mailcap:all 3.75ubuntu1.1 <none>
2026-08-03 21:13:07 status half-configured mailcap:all 3.75ubuntu1.1
2026-08-03 21:13:07 status installed mailcap:all 3.75ubuntu1.1
2026-08-03 21:13:07 trigproc desktop-file-utils:amd64 0.28-1build1 <none>
2026-08-03 21:13:07 status half-configured desktop-file-utils:amd64 0.28-1build1
2026-08-03 21:13:07 status installed desktop-file-utils:amd64 0.28-1build1
2026-08-03 21:13:44 startup archives unpack
2026-08-03 21:13:44 install htop:amd64 <none> 3.4.1-5build2
2026-08-03 21:13:44 status half-installed htop:amd64 3.4.1-5build2
2026-08-03 21:13:44 status triggers-pending mailcap:all 3.75ubuntu1.1
2026-08-03 21:13:44 status triggers-pending desktop-file-utils:amd64 0.28-1build1
2026-08-03 21:13:44 status triggers-pending gnome-menus:amd64 3.38.1-1ubuntu1
2026-08-03 21:13:44 status triggers-pending hicolor-icon-theme:all 0.18-2build1
2026-08-03 21:13:44 status triggers-pending man-db:amd64 2.13.1-1build1
2026-08-03 21:13:44 status unpacked htop:amd64 3.4.1-5build2
2026-08-03 21:13:45 startup packages configure
2026-08-03 21:13:45 configure htop:amd64 3.4.1-5build2 <none>
2026-08-03 21:13:45 status unpacked htop:amd64 3.4.1-5build2
2026-08-03 21:13:45 status half-configured htop:amd64 3.4.1-5build2
2026-08-03 21:13:45 status installed htop:amd64 3.4.1-5build2
2026-08-03 21:13:45 trigproc mailcap:all 3.75ubuntu1.1 <none>
2026-08-03 21:13:45 status half-configured mailcap:all 3.75ubuntu1.1
2026-08-03 21:13:45 status installed mailcap:all 3.75ubuntu1.1
2026-08-03 21:13:45 trigproc desktop-file-utils:amd64 0.28-1build1 <none>
2026-08-03 21:13:45 status half-configured desktop-file-utils:amd64 0.28-1build1
2026-08-03 21:13:45 status installed desktop-file-utils:amd64 0.28-1build1
2026-08-03 21:13:45 trigproc hicolor-icon-theme:all 0.18-2build1 <none>
2026-08-03 21:13:45 status half-configured hicolor-icon-theme:all 0.18-2build1
2026-08-03 21:13:45 status installed hicolor-icon-theme:all 0.18-2build1
2026-08-03 21:13:45 trigproc gnome-menus:amd64 3.38.1-1ubuntu1 <none>
2026-08-03 21:13:45 status half-configured gnome-menus:amd64 3.38.1-1ubuntu1
2026-08-03 21:13:45 status installed gnome-menus:amd64 3.38.1-1ubuntu1
2026-08-03 21:13:45 trigproc man-db:amd64 2.13.1-1build1 <none>
2026-08-03 21:13:45 status half-configured man-db:amd64 2.13.1-1build1
2026-08-03 21:13:46 status installed man-db:amd64 2.13.1-1build1
2026-08-03 22:02:29 startup packages remove
2026-08-03 22:02:29 status installed htop:amd64 3.4.1-5build2
2026-08-03 22:02:29 remove htop:amd64 3.4.1-5build2 <none>
2026-08-03 22:02:29 status half-configured htop:amd64 3.4.1-5build2
2026-08-03 22:02:29 status half-installed htop:amd64 3.4.1-5build2
2026-08-03 22:02:29 status triggers-pending man-db:amd64 2.13.1-1build1
2026-08-03 22:02:29 status triggers-pending hicolor-icon-theme:all 0.18-2build1
2026-08-03 22:02:29 status triggers-pending mailcap:all 3.75ubuntu1.1
2026-08-03 22:02:29 status triggers-pending desktop-file-utils:amd64 0.28-1build1
2026-08-03 22:02:29 status triggers-pending gnome-menus:amd64 3.38.1-1ubuntu1
2026-08-03 22:02:29 status config-files htop:amd64 3.4.1-5build2
2026-08-03 22:02:29 status not-installed htop:amd64 <none>
2026-08-03 22:02:29 startup packages configure
2026-08-03 22:02:29 trigproc hicolor-icon-theme:all 0.18-2build1 <none>
2026-08-03 22:02:29 status half-configured hicolor-icon-theme:all 0.18-2build1
2026-08-03 22:02:29 status installed hicolor-icon-theme:all 0.18-2build1
2026-08-03 22:02:29 trigproc gnome-menus:amd64 3.38.1-1ubuntu1 <none>
2026-08-03 22:02:29 status half-configured gnome-menus:amd64 3.38.1-1ubuntu1
2026-08-03 22:02:29 status installed gnome-menus:amd64 3.38.1-1ubuntu1
2026-08-03 22:02:29 trigproc man-db:amd64 2.13.1-1build1 <none>
2026-08-03 22:02:29 status half-configured man-db:amd64 2.13.1-1build1
2026-08-03 22:02:30 status installed man-db:amd64 2.13.1-1build1
2026-08-03 22:02:30 trigproc mailcap:all 3.75ubuntu1.1 <none>
2026-08-03 22:02:30 status half-configured mailcap:all 3.75ubuntu1.1
2026-08-03 22:02:30 status installed mailcap:all 3.75ubuntu1.1
2026-08-03 22:02:30 trigproc desktop-file-utils:amd64 0.28-1build1 <none>
2026-08-03 22:02:30 status half-configured desktop-file-utils:amd64 0.28-1build1
2026-08-03 22:02:30 status installed desktop-file-utils:amd64 0.28-1build1
2026-08-03 22:02:50 startup archives unpack
2026-08-03 22:02:50 install htop:amd64 <none> 3.4.1-5build2
2026-08-03 22:02:50 status half-installed htop:amd64 3.4.1-5build2
2026-08-03 22:02:50 status triggers-pending mailcap:all 3.75ubuntu1.1
2026-08-03 22:02:50 status triggers-pending desktop-file-utils:amd64 0.28-1build1
2026-08-03 22:02:50 status triggers-pending gnome-menus:amd64 3.38.1-1ubuntu1
2026-08-03 22:02:50 status triggers-pending hicolor-icon-theme:all 0.18-2build1
2026-08-03 22:02:50 status triggers-pending man-db:amd64 2.13.1-1build1
2026-08-03 22:02:50 status unpacked htop:amd64 3.4.1-5build2
2026-08-03 22:02:51 startup packages configure
2026-08-03 22:02:51 configure htop:amd64 3.4.1-5build2 <none>
2026-08-03 22:02:51 status unpacked htop:amd64 3.4.1-5build2
2026-08-03 22:02:51 status half-configured htop:amd64 3.4.1-5build2
2026-08-03 22:02:51 status installed htop:amd64 3.4.1-5build2
2026-08-03 22:02:51 trigproc mailcap:all 3.75ubuntu1.1 <none>
2026-08-03 22:02:51 status half-configured mailcap:all 3.75ubuntu1.1
2026-08-03 22:02:51 status installed mailcap:all 3.75ubuntu1.1
2026-08-03 22:02:51 trigproc desktop-file-utils:amd64 0.28-1build1 <none>
2026-08-03 22:02:51 status half-configured desktop-file-utils:amd64 0.28-1build1
2026-08-03 22:02:51 status installed desktop-file-utils:amd64 0.28-1build1
2026-08-03 22:02:51 trigproc hicolor-icon-theme:all 0.18-2build1 <none>
2026-08-03 22:02:51 status half-configured hicolor-icon-theme:all 0.18-2build1
2026-08-03 22:02:51 status installed hicolor-icon-theme:all 0.18-2build1
2026-08-03 22:02:51 trigproc gnome-menus:amd64 3.38.1-1ubuntu1 <none>
2026-08-03 22:02:51 status half-configured gnome-menus:amd64 3.38.1-1ubuntu1
2026-08-03 22:02:51 status installed gnome-menus:amd64 3.38.1-1ubuntu1
2026-08-03 22:02:51 trigproc man-db:amd64 2.13.1-1build1 <none>
2026-08-03 22:02:51 status half-configured man-db:amd64 2.13.1-1build1
2026-08-03 22:02:51 status installed man-db:amd64 2.13.1-1build1
